FILE: "files/etc/init.d/SXXc_mgmt"                "/etc/init.d/c_mgmt"
SYMLINK: "c_mgmt"                          "/etc/init.d/S80c_mgmt"
SYMLINK: "../init.d/c_mgmt"                "/etc/rc2.d/S80c_mgmt"


FILE: "files/etc/alarmtypes.d/142f9bb1-74a5-460a-b609-7f33f8acdcaf.alarm"         "/etc/alarmtypes.d/142f9bb1-74a5-460a-b609-7f33f8acdcaf.alarm"
FILE: "files/etc/alarmtypes.d/598ea3b8-00f9-4674-a90a-919668fec916.alarm"         "/etc/alarmtypes.d/598ea3b8-00f9-4674-a90a-919668fec916.alarm"
FILE: "files/etc/alarmtypes.d/ba883968-4b5a-4f83-9e71-50c7d7621b44.alarm"         "/etc/alarmtypes.d/ba883968-4b5a-4f83-9e71-50c7d7621b44.alarm"
FILE: "files/etc/alarmtypes.d/cbbf0813-09cb-4e23-9182-f3996d24cc9e.alarm"         "/etc/alarmtypes.d/cbbf0813-09cb-4e23-9182-f3996d24cc9e.alarm"
FILE: "files/etc/alarmtypes.d/b6417be9-0c57-4254-8392-896b61983ca4.alarm"         "/etc/alarmtypes.d/b6417be9-0c57-4254-8392-896b61983ca4.alarm"
FILE: "files/etc/alarmtypes.d/3d541e1e-1e9c-4b30-a07d-e93f8445b13e.alarm"         "/etc/alarmtypes.d/3d541e1e-1e9c-4b30-a07d-e93f8445b13e.alarm"
FILE: "files/etc/alarmtypes.d/76a2fbce-97bb-4761-9fab-8ffd4b0ab9a2.alarm"         "/etc/alarmtypes.d/76a2fbce-97bb-4761-9fab-8ffd4b0ab9a2.alarm"
FILE: "files/etc/alarmtypes.d/1e9c9c3d-9b35-467c-af1c-90d6947ababb.alarm"         "/etc/alarmtypes.d/1e9c9c3d-9b35-467c-af1c-90d6947ababb.alarm"
FILE: "files/etc/alarmtypes.d/635afce6-0ae8-4b84-90f5-837a2234002b.alarm"         "/etc/alarmtypes.d/635afce6-0ae8-4b84-90f5-837a2234002b.alarm"
FILE: "files/etc/alarmtypes.d/802e15e0-31cf-4356-8b99-b07d364553f9.alarm"         "/etc/alarmtypes.d/802e15e0-31cf-4356-8b99-b07d364553f9.alarm"
FILE: "files/etc/alarmtypes.d/995ec68e-4c6a-4b16-a615-fdd6b6fe4b43.alarm"         "/etc/alarmtypes.d/995ec68e-4c6a-4b16-a615-fdd6b6fe4b43.alarm"
FILE: "files/etc/alarmtypes.d/a2a259b5-93a6-4a1a-b03d-36ac0987e6db.alarm"         "/etc/alarmtypes.d/a2a259b5-93a6-4a1a-b03d-36ac0987e6db.alarm" 
FILE: "files/etc/alarmtypes.d/77ad9990-4850-4191-9bc2-51d0912daef3.alarm"         "/etc/alarmtypes.d/77ad9990-4850-4191-9bc2-51d0912daef3.alarm"
FILE: "files/etc/alarmtypes.d/77857c20-94b4-4145-8298-cad741e905fb.alarm"         "/etc/alarmtypes.d/77857c20-94b4-4145-8298-cad741e905fb.alarm"
FILE: "files/etc/alarmtypes.d/47fd43b0-755a-463f-9899-63f589a2d882.alarm"         "/etc/alarmtypes.d/47fd43b0-755a-463f-9899-63f589a2d882.alarm"
FILE: "files/etc/alarmtypes.d/52299415-2719-45d5-bcf7-720b48929ae3.alarm"         "/etc/alarmtypes.d/52299415-2719-45d5-bcf7-720b48929ae3.alarm"
FILE: "files/etc/alarmtypes.d/bb1cf2ca-20fd-43cc-9ae2-8a33206fb9fd.alarm"         "/etc/alarmtypes.d/bb1cf2ca-20fd-43cc-9ae2-8a33206fb9fd.alarm"
FILE: "files/etc/alarmtypes.d/233f0c18-9c8f-41ba-8800-93937540afe8.alarm"         "/etc/alarmtypes.d/233f0c18-9c8f-41ba-8800-93937540afe8.alarm"
FILE: "files/etc/alarmtypes.d/b31d5f2c-d183-4559-97e2-d9da9572af26.alarm"         "/etc/alarmtypes.d/b31d5f2c-d183-4559-97e2-d9da9572af26.alarm"
FILE: "files/etc/alarmtypes.d/a144127e-57a5-11e5-8ccb-3417ebbf769a.alarm"         "/etc/alarmtypes.d/a144127e-57a5-11e5-8ccb-3417ebbf769a.alarm"
FILE: "files/etc/alarmtypes.d/29417128-4e59-4ae2-802e-77135c6a7fc9.alarm"         "/etc/alarmtypes.d/29417128-4e59-4ae2-802e-77135c6a7fc9.alarm"
FILE: "files/etc/alarmtypes.d/29417128-4e59-4ae2-802e-77135c6a7fc9.alarm"         "/etc/alarmtypes.d/dc463c51-d111-4cc5-9eba-9e09292183b0.alarm"
FILE: "files/etc/alarmtypes.d/3e544328-598e-11e6-8b77-86f30ca893d3.alarm"         "/etc/alarmtypes.d/3e544328-598e-11e6-8b77-86f30ca893d3.alarm"
FILE: "files/etc/alarmtypes.d/38d69632-5fd8-4b44-94d7-a517b8329eb8.alarm"         "/etc/alarmtypes.d/38d69632-5fd8-4b44-94d7-a517b8329eb8.alarm"

FILE: "files/opt/c_mgmt/etc/hercules.pem"                           "/opt/c_mgmt/etc/hercules.pem"
FILE: "files/opt/c_mgmt/xcommand/c_mgmt_xcommand.py"                "/opt/c_mgmt/xcommand/c_mgmt.py"
FILE: "files/opt/c_mgmt/xstatus/c_mgmt.py"                          "/opt/c_mgmt/xstatus/c_mgmt.py"
FILE: "files/tandberg/etc/passwd.d/c_mgmt.passwd"                   "/tandberg/etc/passwd.d/c_mgmt.passwd"
FILE: "files/tandberg/etc/passwd.d/8.6c_mgmt.passwd"                "/tandberg/8.6c_mgmt.passwd"
FILE: "files/tandberg/c_mgmt_manifest.json"                         "/tandberg/c_mgmt_manifest.json"
FILE: "files/tandberg/c_mgmt_template.json"                         "/tandberg/c_mgmt_template.json"
FILE: "files/tandberg/upgrade/cdbtransforms.d/cmgmt_transform.py"   "/tandberg/upgrade/cdbtransforms.d/cmgmt_transform.py"
FILE: "files/tandberg/upgrade/cdbtransforms.d/cmgmt_transform.py"   "/tandberg/etc/postinstall-scripts.d/cmgmt-transform"                    "0755"
SYMLINK: "../postinstall-scripts.d/cmgmt-transform"                 "/tandberg/etc/postinstall.current.d/80-cmgmt-transform"

FILE: "files/opt/c_mgmt/etc/certs/verisign-class3-G5.pem"           "/opt/c_mgmt/etc/certs/verisign-class3-G5.pem"
FILE: "files/opt/c_mgmt/etc/certs/gd-class2-root.pem"               "/opt/c_mgmt/etc/certs/gd-class2-root.pem"
FILE: "files/opt/c_mgmt/etc/certs/gdroot-g2.pem"                    "/opt/c_mgmt/etc/certs/gdroot-g2.pem"
FILE: "files/opt/c_mgmt/etc/certs/cdn_gtecorporation.pem"           "/opt/c_mgmt/etc/certs/cdn_gtecorporation.pem"
FILE: "files/opt/c_mgmt/etc/certs/quovadis.pem"                     "/opt/c_mgmt/etc/certs/quovadis.pem"
FILE: "files/opt/c_mgmt/etc/certs/baltimore_cybertrust_root.pem"    "/opt/c_mgmt/etc/certs/baltimore_cybertrust_root.pem"
FILE: "files/opt/c_mgmt/etc/certs/thawte.pem"                       "/opt/c_mgmt/etc/certs/thawte.pem"
FILE: "files/opt/c_mgmt/etc/certs/verisign-old.pem"                 "/opt/c_mgmt/etc/certs/verisign-old.pem"
FILE: "files/opt/c_mgmt/etc/certs/digicert.pem"                     "/opt/c_mgmt/etc/certs/digicert.pem"

FILE: "files/sbin/request-addfusioncerts"                           "/sbin/request-addfusioncerts"
FILE: "files/sbin/request-removefusioncerts"                        "/sbin/request-removefusioncerts"
FILE: "files/sbin/request-servicestart"                             "/sbin/request-servicestart"
FILE: "files/sbin/request-fixfusioncerts"                           "/sbin/request-fixfusioncerts"
FILE: "files/sbin/request-createfusioncertsdir"                     "/sbin/request-createfusioncertsdir"
FILE: "files/sbin/request-deletefusioncertsdir"                     "/sbin/request-deletefusioncertsdir"
FILE: "files/sbin/request-copycoredumps"                            "/sbin/request-copycoredumps"
FILE: "files/sbin/request-deletecoredumpdir"                        "/sbin/request-deletecoredumpdir"
FILE: "files/sbin/request-hybridservices"                           "/sbin/request-hybridservices"

FILE: "files/opt/c_mgmt/bin/c_mgmt.sh"                              "/share/python/site-packages/ni/managementconnector/c_mgmt.sh"
FILE: "files/share/pubkeys/fmc.1"                                   "/share/pubkeys/fmc.1"
FILE: "files/share/web/public/fusionregistration.php"               "/share/web/public/fusionregistration.php"
FILE: "files/share/web/public/fusionproxy.php"                      "/share/web/public/fusionproxy.php"
FILE: "files/share/web/public/fusionajax.php"                       "/share/web/public/fusionajax.php"
FILE: "files/share/web/public/fusioncerts.php"                      "/share/web/public/fusioncerts.php"
FILE: "files/share/web/public/viewfusioncert.php"                   "/share/web/public/viewfusioncert.php"
FILE: "files/share/web/public/downloadfusion.php"                   "/share/web/public/downloadfusion.php"
FILE: "files/share/web/public/fusionregistrationajax.php"           "/share/web/public/fusionregistrationajax.php"
FILE: "files/share/web/public/fusionderegistrationajax.php"         "/share/web/public/fusionderegistrationajax.php"
FILE: "files/share/web/public/fusionfusedajaxcheck.php"             "/share/web/public/fusionfusedajaxcheck.php"
FILE: "files/share/web/public/hybridsendlog.php"                    "/share/web/public/hybridsendlog.php"
FILE: "files/share/web/public/hybridserviceslog.php"                "/share/web/public/hybridserviceslog.php"
FILE: "files/share/web/public/hybridservicesloglevels.php"          "/share/web/public/hybridservicesloglevels.php"
FILE: "files/share/web/lib/cafejsonbloblib.php"                     "/share/web/lib/cafejsonbloblib.php"
FILE: "files/share/web/lib/fusionlib.php"                           "/share/web/lib/fusionlib.php"
FILE: "files/share/web/lib/fusionstatustable.php"                   "/share/web/lib/fusionstatustable.php"
FILE: "files/share/web/conf/nav/92_fusion.xml"                      "/share/web/conf/nav/92_fusion.xml"
FILE: "files/etc/service_template"                                  "/etc/service_template"

FILE: "files/etc/logrotate.d/hybridserviceslog-rotate.conf"         "/etc/logrotate.d/hybridserviceslog-rotate.conf"
FILE: "files/opt/c_mgmt/plugins/snapshot/hybridserviceslogs"        "/opt/c_mgmt/plugins/snapshot/hybridserviceslogs"

SYMLINK: "/tandberg/persistent/fusion/config/"                      "/opt/c_mgmt/etc/config"

SYMLINK: "/share/python/site-packages/ni/managementconnector"       "/opt/c_mgmt/bin"
SYMLINK: "/share/python/site-packages/ni/tests/managementconnector" "/opt/c_mgmt/test"

FILE: "@@OBJPATH@@/managementconnector.mo"                          "/tandberg/locale/en_US.utf8/LC_MESSAGES/managementconnector.mo"

